Retrieved 2 sessions, 2 presenters from Sessionize API https://sessionize.com/api/v2/{APIID}/view/all
Sessionize data successfully adapted to DDD domain model: 2 sessions and 2 presenters
Existing read model retrieved: 0 sessions and 0 presenters
Adding new presenters to read model: 00000000-0000-0000-0000-000000000000, 00000000-0000-0000-0000-000000000001
Adding new sessions to read model: 00000000-0000-0000-0000-000000000002, 00000000-0000-0000-0000-000000000003
