[
  {
    "Id": "00000000-0000-0000-0000-000000000003",
    "ExternalId": "1",
    "Title": "Existing title",
    "Abstract": "Existing abstract",
    "PresenterIds": [
      "00000000-0000-0000-0000-000000000001"
    ],
    "CreatedDate": "2010-01-01T12:00:00+00:00",
    "ModifiedDate": "2010-01-01T00:00:00+00:00",
    "Format": "Existing format",
    "Level": "Existing level",
    "Tags": [
      "existing tag 1",
      "existing tag 2"
    ],
    "DataFields": {
      "Mobile number": "0400777763",
      "existing key": "existing value"
    },
    "InAgenda": true
  },
  {
    "Id": "00000000-0000-0000-0000-000000000004",
    "ExternalId": "2",
    "Title": "Non-agenda session",
    "Abstract": "Abstract",
    "PresenterIds": [
      "00000000-0000-0000-0000-000000000005"
    ],
    "CreatedDate": "2010-01-01T12:00:00+00:00",
    "ModifiedDate": null,
    "Format": "Format",
    "Level": "Level",
    "Tags": [
      "tag1",
      "tag2"
    ],
    "DataFields": {
      "key": "value"
    },
    "InAgenda": false
  }
]