[
  {
    "Id": "00000000-0000-0000-0000-000000000000",
    "ExternalId": "3",
    "Name": "Non-agenda presenter",
    "CreatedDate": "2010-01-01T12:00:00+00:00",
    "ModifiedDate": null,
    "Tagline": "Existing tagline",
    "Bio": "Existing bio",
    "ProfilePhotoUrl": "Existing profile",
    "WebsiteUrl": "Existing website",
    "TwitterHandle": "Existing twitter"
  },
  {
    "Id": "00000000-0000-0000-0000-000000000001",
    "ExternalId": "00000000-0000-0000-0000-000000000002",
    "Name": "Existing name",
    "CreatedDate": "2010-01-01T12:00:00+00:00",
    "ModifiedDate": "2010-01-01T00:00:00+00:00",
    "Tagline": "Existing tagline",
    "Bio": "Existing bio",
    "ProfilePhotoUrl": "Existing profile",
    "WebsiteUrl": "Existing website",
    "TwitterHandle": "Existing twitter"
  }
]